// Jest Snapshot v1, https://goo.gl/fbAQLP

exports[`Loader should match the snapshot when rendered 1`] = `
<div
  className="logo-images"
>
  <img
    alt="logo"
    className="loading-true"
    src="gear-logo.png"
  />
</div>
`;
